[www.decor-art.com.pl/index/index.html]
[backblue.gif]
[fade.gif]
[index.html]
[www.decor-art.com.pl/sites/default/files/xdecorart_favicon.gif.pagespeed.ic.yt-Dd2ZVkr/index.png]
[www.decor-art.com.pl/sites/default/files/css/A.css_d89cf5118e25be60e8633832d23617e8.css.pagespeed.cf.uXI56O_F81/index.css]
[www.decor-art.com.pl/sites/default/files/css/A.css_7d07a0352ec4fe459f0e0442e2c3f94a.css.pagespeed.cf.SnYi1xC7ZN/index.css]
[www.decor-art.com.pl/misc/jquery/index.js]
[www.decor-art.com.pl/misc/drupal/index.js]
[www.decor-art.com.pl/sites/default/files/languages/pl_7d04652f41d58c6492adccc6ac81c5b9/index.js]
[www.decor-art.com.pl/sites/all/modules/contrib/lightbox2/js/lightbox/index.js]
[www.decor-art.com.pl/sites/all/modules/contrib/nice_menus/superfish/js/superfish/index.js]
[www.decor-art.com.pl/sites/all/modules/contrib/nice_menus/superfish/js/jquery.bgiframe.min/index.js]
[www.decor-art.com.pl/sites/all/modules/contrib/nice_menus/superfish/js/jquery.hoverIntent.minified/index.js]
[www.decor-art.com.pl/sites/all/modules/contrib/nice_menus/nice_menus/index.js]
[www.decor-art.com.pl/sites/all/modules/contrib/panels/js/panels/index.js]
[www.decor-art.com.pl/sites/all/modules/contrib/views_slideshow/js/jquery.cycle.all.min/index.js]
[www.decor-art.com.pl/sites/all/modules/contrib/views_slideshow/contrib/views_slideshow_singleframe/views_slideshow/index.js]
[www.decor-art.com.pl/sites/all/modules/contrib/views_slideshow/contrib/views_slideshow_thumbnailhover/views_slideshow/index.js]
[www.decor-art.com.pl/sites/default/files/logo/index.swf]
[www.decor-art.com.pl/oferta/index.html]
[www.decor-art.com.pl/uslugi-malarskie/index.html]
[www.decor-art.com.pl/zabudowy-gipsowe-sufity-oraz-scianki-gipsowo-kartonowe/index.html]
[www.decor-art.com.pl/uslugi-glazurnicze/index.html]
[www.decor-art.com.pl/uslugi-murarsko-tynkarskie/index.html]
[www.decor-art.com.pl/uslugi-elektryczne/index.html]
[www.decor-art.com.pl/uslugi-hydrauliczne/index.html]
[www.decor-art.com.pl/uslugi-parkieciarsko-posadzkarskie/index.html]
[www.decor-art.com.pl/realizacje/index.html]
[www.decor-art.com.pl/prasa-o-nas/index.html]
[www.decor-art.com.pl/kontakt/index.html]
[www.decor-art.com.pl/sites/default/files/slideshowphotos/2010-11-18/dsc_0231a/index.jpg]
[www.decor-art.com.pl/_/content/slideshow_/index.html]
[www.decor-art.com.pl/sites/default/files/imagecache/img_scale_crop_355x242/slideshowphotos/2010-11-18/xdsc_0231a.jpg.pagespeed.ic.NADPzONIbV/index.jpg]
[www.decor-art.com.pl/sites/default/files/slideshowphotos/2010-11-18/dsc_0276/index.jpg]
[www.decor-art.com.pl/sites/default/files/imagecache/img_scale_crop_355x242/slideshowphotos/2010-11-18/xdsc_0276.jpg.pagespeed.ic.V4Xl1mODlA/index.jpg]
[www.decor-art.com.pl/sites/default/files/slideshowphotos/2010-11-18/dsc_0274/index.jpg]
[www.decor-art.com.pl/sites/default/files/imagecache/img_scale_crop_355x242/slideshowphotos/2010-11-18/xdsc_0274.jpg.pagespeed.ic.SI_b3AJ4tO/index.jpg]
[www.decor-art.com.pl/sites/default/files/slideshowphotos/2010-11-18/dsc_0216/index.jpg]
[www.decor-art.com.pl/sites/default/files/imagecache/img_scale_crop_355x242/slideshowphotos/2010-11-18/xdsc_0216.jpg.pagespeed.ic.7jrs2_5LFQ/index.jpg]
[www.decor-art.com.pl/sites/all/themes/decorart/images/xdecor-art-small-logo.gif.pagespeed.ic.gdvagr_YSZ/index.png]
[www.decor-art.com.pl/realizacja/sopot-adaptacja-strychu/index.html]
[www.decor-art.com.pl/sites/default/files/imagecache/img_scale_crop_96x60/realizacje/2014/02/27/xczy-so2_salon_2.jpg.pagespeed.ic.MYjD0fk041/index.jpg]
[www.decor-art.com.pl/realizacja/sopot-apartament-140-m2/index.html]
[www.decor-art.com.pl/sites/default/files/imagecache/img_scale_crop_96x60/realizacje/2014/02/27/ximgp2963.jpg.pagespeed.ic.g1Y5DE-eza/index.jpg]
[www.decor-art.com.pl/realizacja/sopot-apartament-197-m2/index.html]
[www.decor-art.com.pl/sites/default/files/imagecache/img_scale_crop_96x60/realizacje/2014/02/27/x22112-wnetrza_w_stylu_angielskim_apartament_styl_angielski_wnetrze_salon.jpg.pagespeed.ic.OtJ1btj8io/index.jpg]
[www.decor-art.com.pl/realizacja/dom-w-alpach/index.html]
[www.decor-art.com.pl/sites/default/files/imagecache/img_scale_crop_96x60/realizacje/2014/01/14/xdsc_0179.jpg.pagespeed.ic.0tq6C3ZCLU/index.jpg]
[www.decor-art.com.pl/index/index.html]
[www.decor-art.com.pl/misc/xtree.png.pagespeed.ic.3-GH8qBG9G/index.png]
[www.decor-art.com.pl/misc/xtree-bottom.png.pagespeed.ic.reLV48hlmS/index.png]
[www.decor-art.com.pl/misc/throbber/index.gif]
[www.decor-art.com.pl/misc/menu-expanded/index.png]
[www.decor-art.com.pl/misc/menu-collapsed/index.png]
[www.decor-art.com.pl/misc/xgrippie.png.pagespeed.ic.F_DQ8O6W2M/index.png]
[www.decor-art.com.pl/misc/xdraggable.png.pagespeed.ic._hgEnmORN6/index.png]
[www.decor-art.com.pl/misc/progress/index.gif]
[www.decor-art.com.pl/misc/xmenu-leaf.png.pagespeed.ic.-_j_pg0E5o/index.png]
[www.decor-art.com.pl/sites/all/modules/contrib/ctools/images/status-active/index.gif]
[www.decor-art.com.pl/sites/all/modules/contrib/lightbox2/images/blank/index.gif]
[www.decor-art.com.pl/sites/all/modules/contrib/lightbox2/images/prev/index.gif]
[www.decor-art.com.pl/sites/all/modules/contrib/lightbox2/images/next/index.gif]
[www.decor-art.com.pl/sites/all/modules/contrib/lightbox2/images/prev_hover/index.gif]
[www.decor-art.com.pl/sites/all/modules/contrib/lightbox2/images/xnext_hover.gif.pagespeed.ic.FZy0cN1qoH/index.png]
[www.decor-art.com.pl/sites/all/modules/contrib/lightbox2/images/xoverlay.png.pagespeed.ic.1p0pdbyaiu/index.png]
[www.decor-art.com.pl/sites/all/modules/contrib/lightbox2/images/xclose.gif.pagespeed.ic.NJON8lkVcm/index.png]
[www.decor-art.com.pl/sites/all/modules/contrib/lightbox2/images/loading/index.gif]
[www.decor-art.com.pl/sites/all/modules/contrib/lightbox2/images/expand/index.gif]
[www.decor-art.com.pl/sites/all/modules/contrib/lightbox2/images/contract/index.gif]
[www.decor-art.com.pl/sites/all/modules/contrib/lightbox2/images/xplay.png.pagespeed.ic.Nm4ZxIghLk/index.png]
[www.decor-art.com.pl/sites/all/modules/contrib/lightbox2/images/xpause.png.pagespeed.ic.Q8gogKnvVK/index.png]
[www.decor-art.com.pl/sites/all/modules/contrib/nice_menus/xarrow-right.png.pagespeed.ic.8t8LCJjvLI/index.png]
[www.decor-art.com.pl/sites/all/modules/contrib/nice_menus/xarrow-left.png.pagespeed.ic.pcaKPpFCez/index.png]
[www.decor-art.com.pl/sites/all/modules/contrib/nice_menus/xarrow-down.png.pagespeed.ic.QwuIPWtP8A/index.png]
[www.decor-art.com.pl/sites/all/modules/contrib/views/images/status-active/index.gif]
[www.decor-art.com.pl/sites/all/themes/decorart/images/xbackground.gif.pagespeed.ic.RZthcxHkGf/index.png]
[www.decor-art.com.pl/sites/all/themes/decorart/images/xtab-bar.png.pagespeed.ic._zRaFmThkZ/index.png]
[www.decor-art.com.pl/sites/all/themes/decorart/images/xtab-left.png.pagespeed.ic.0JRH2tGxgH/index.png]
[www.decor-art.com.pl/sites/all/themes/decorart/images/xtab-right.png.pagespeed.ic.XWzy74eHb3/index.png]
[www.decor-art.com.pl/sites/all/themes/decorart/images/xtab-secondary-bg.png.pagespeed.ic.z95IDpn3ud/index.png]
[www.decor-art.com.pl/sites/all/themes/decorart/images/xtab-secondary.png.pagespeed.ic.P41yru8ONL/index.png]
[www.decor-art.com.pl/sites/all/themes/decorart/images/xmessages-status.png.pagespeed.ic.eVbcU1clpd/index.png]
[www.decor-art.com.pl/sites/all/themes/decorart/images/xmessages-warning.png.pagespeed.ic.mrI0oLbeAN/index.png]
[www.decor-art.com.pl/sites/all/themes/decorart/images/xmessages-error.png.pagespeed.ic.V-winhakvL/index.png]
[www.decor-art.com.pl/sites/all/themes/decorart/images/xcontent-h1-background.gif.pagespeed.ic.Uq2Aa2ml1F/index.png]
[www.decor-art.com.pl/sites/all/themes/decorart/images/xrealizacje-header-bcg-page.gif.pagespeed.ic.B3yssbq4qT/index.png]
[www.decor-art.com.pl/sites/all/themes/decorart/images/xfooter-right-background.png.pagespeed.ic.-OBEDM15cI/index.png]
[www.decor-art.com.pl/sites/all/themes/decorart/images/xfooter-left-background.png.pagespeed.ic.5-bVyFR7lf/index.png]
[www.decor-art.com.pl/sites/all/themes/decorart/images/xfooter-background.png.pagespeed.ic.iWP4j9txlZ/index.png]
[www.decor-art.com.pl/sites/all/themes/decorart/images/xcontent-bottom-background.gif.pagespeed.ic.L2WAmG3n5T/index.png]
[www.decor-art.com.pl/sites/all/themes/decorart/images/xcontent-top-background.gif.pagespeed.ic.P2qod6pT5e/index.png]
[www.decor-art.com.pl/sites/all/themes/decorart/images/xslideshow-background.gif.pagespeed.ic.3DveRFBEbM/index.png]
[www.decor-art.com.pl/sites/all/themes/decorart/images/xheader-info.gif.pagespeed.ic.JMcBrJe5rp/index.png]
[www.decor-art.com.pl/sites/all/themes/decorart/images/xblock-bottom-corner.gif.pagespeed.ic.XBp5uytq1n/index.png]
[www.decor-art.com.pl/sites/all/themes/decorart/images/xblock-top-corner.gif.pagespeed.ic.QKK2EG9bFx/index.png]
[www.decor-art.com.pl/sites/all/themes/decorart/images/xblock-h2-default-background.gif.pagespeed.ic.25Gnis3X7_/index.png]
[www.decor-art.com.pl/sites/all/themes/decorart/images/xblock-h2-kontakt-background.gif.pagespeed.ic.faUVK479K8/index.png]
[www.decor-art.com.pl/sites/all/themes/decorart/images/xblock-h2-realizacje-background.gif.pagespeed.ic.ij5zCobyq3/index.png]
[www.decor-art.com.pl/sites/all/themes/decorart/images/xrealizacja-100x50-background.png.pagespeed.ic.y2Ki_2Ctsg/index.png]
[www.decor-art.com.pl/sites/all/themes/decorart/images/xrealizacja-96x60-background.png.pagespeed.ic.jQeufknLyv/index.png]
[www.decor-art.com.pl/sites/all/themes/decorart/images/xrealizacje-page.gif.pagespeed.ic.1yb_ijZ4Le/index.png]
[www.decor-art.com.pl/sites/all/themes/decorart/css/arrow-down/index.png]
[www.decor-art.com.pl/sites/all/themes/decorart/css/arrow-right/index.png]
[www.decor-art.com.pl/sites/default/files/css/A.css_d89cf5118e25be60e8633832d23617e8.css.pagespeed.cf.uXI56O_F81/index.css]
[www.decor-art.com.pl/sites/default/files/css/A.css_7d07a0352ec4fe459f0e0442e2c3f94a.css.pagespeed.cf.SnYi1xC7ZN/index.css]
[www.decor-art.com.pl/oferta/index.html]
[www.decor-art.com.pl/uslugi-malarskie/index.html]
[www.decor-art.com.pl/zabudowy-gipsowe-sufity-oraz-scianki-gipsowo-kartonowe/index.html]
[www.decor-art.com.pl/uslugi-glazurnicze/index.html]
[www.decor-art.com.pl/uslugi-murarsko-tynkarskie/index.html]
[www.decor-art.com.pl/uslugi-elektryczne/index.html]
[www.decor-art.com.pl/uslugi-hydrauliczne/index.html]
[www.decor-art.com.pl/uslugi-parkieciarsko-posadzkarskie/index.html]
[www.decor-art.com.pl/sites/default/files/imagecache/img_scale_crop_182x124/realizacje/2014/01/14/xdsc_0179.jpg.pagespeed.ic.ADqOwOh7bw/index.jpg]
[www.decor-art.com.pl/realizacja/apartament-sopot/index.html]
[www.decor-art.com.pl/sites/default/files/imagecache/img_scale_crop_182x124/realizacje/2014/01/14/xdsc_0099.jpg.pagespeed.ic.Lzk4us8B85/index.jpg]
[www.decor-art.com.pl/realizacja/kawalerka-17m2-sopot/index.html]
[www.decor-art.com.pl/sites/default/files/imagecache/img_scale_crop_182x124/realizacje/2014/01/14/xdsc_0083.jpg.pagespeed.ic.iPC5eCgJoQ/index.jpg]
[www.decor-art.com.pl/realizacja/adaptacja-strychu-sopot/index.html]
[www.decor-art.com.pl/sites/default/files/imagecache/img_scale_crop_182x124/realizacje/2010/11/25/xp1050321.jpg.pagespeed.ic.TyhAx1hVe4/index.jpg]
[www.decor-art.com.pl/realizacja/kawalerka-gdynia/index.html]
[www.decor-art.com.pl/realizacja/mieszkanie-gdansk/index.html]
[www.decor-art.com.pl/sites/default/files/imagecache/img_scale_crop_182x124/realizacje/2010/11/25/xp1050153_534x800.jpg.pagespeed.ic.QrNB9dHRkl/index.jpg]
[www.decor-art.com.pl/realizacja/przedszkole-gdansk/index.html]
[www.decor-art.com.pl/sites/default/files/imagecache/img_scale_crop_182x124/realizacje/2010/11/25/ximg_0452_1067x800.jpg.pagespeed.ic.aaDGfzuPzf/index.jpg]
[www.decor-art.com.pl/realizacje/index.html]
[www.decor-art.com.pl/prasa-o-nas/index.html]
[www.decor-art.com.pl/misc/textarea/index.js]
[www.decor-art.com.pl/kontakt/index.html]
[www.decor-art.com.pl/_/content/slideshow_/index.html]
[www.decor-art.com.pl/realizacja/_/content/slideshow_/index.html]
[www.decor-art.com.pl/sites/default/files/realizacje/2014/02/27/czy-so2_salon_2/index.jpg]
[www.decor-art.com.pl/sites/default/files/imagecache/img_scale_crop_185x125/realizacje/2014/02/27/xczy-so2_salon_2.jpg.pagespeed.ic.22RWo6LOzz/index.jpg]
[www.decor-art.com.pl/sites/default/files/realizacje/2014/02/27/czy-so2_salon_3/index.jpg]
[www.decor-art.com.pl/sites/default/files/imagecache/img_scale_crop_185x125/realizacje/2014/02/27/xczy-so2_salon_3.jpg.pagespeed.ic.PvN2oYAgV4/index.jpg]
[www.decor-art.com.pl/sites/default/files/realizacje/2014/02/27/czy-so2_salon_5/index.jpg]
[www.decor-art.com.pl/sites/default/files/imagecache/img_scale_crop_185x125/realizacje/2014/02/27/xczy-so2_salon_5.jpg.pagespeed.ic.u3FW9eXUnM/index.jpg]
[www.decor-art.com.pl/sites/default/files/realizacje/2014/02/27/czy-so2_salon_6/index.jpg]
[www.decor-art.com.pl/sites/default/files/imagecache/img_scale_crop_185x125/realizacje/2014/02/27/xczy-so2_salon_6.jpg.pagespeed.ic.JRDIVfY63N/index.jpg]
[www.decor-art.com.pl/sites/default/files/realizacje/2014/02/27/czy-so2_sypialnia_1/index.jpg]
[www.decor-art.com.pl/sites/default/files/imagecache/img_scale_crop_185x125/realizacje/2014/02/27/xczy-so2_sypialnia_1.jpg.pagespeed.ic.oouK2DCdEY/index.jpg]
[www.decor-art.com.pl/sites/default/files/realizacje/2014/02/27/lazienka2_1/index.jpg]
[www.decor-art.com.pl/sites/default/files/imagecache/img_scale_crop_185x125/realizacje/2014/02/27/xlazienka2_1.jpg.pagespeed.ic.H_8VrqCWCv/index.jpg]
[www.decor-art.com.pl/sites/default/files/realizacje/2014/02/27/lazienka2_noc/index.jpg]
[www.decor-art.com.pl/sites/default/files/imagecache/img_scale_crop_185x125/realizacje/2014/02/27/xlazienka2_noc.jpg.pagespeed.ic.5SDdsUTAT-/index.jpg]
[www.decor-art.com.pl/realizacja/sopot-adaptacja-strychu/index.html]
[www.decor-art.com.pl/sites/default/files/realizacje/2014/02/27/imgp2963/index.jpg]
[www.decor-art.com.pl/sites/default/files/imagecache/img_scale_crop_185x125/realizacje/2014/02/27/ximgp2963.jpg.pagespeed.ic.g_satisYuD/index.jpg]
[www.decor-art.com.pl/sites/default/files/realizacje/2014/02/27/imgp2982/index.jpg]
[www.decor-art.com.pl/sites/default/files/imagecache/img_scale_crop_185x125/realizacje/2014/02/27/ximgp2982.jpg.pagespeed.ic.nH8_wqc3Wi/index.jpg]
[www.decor-art.com.pl/sites/default/files/realizacje/2014/02/27/imgp2992/index.jpg]
[www.decor-art.com.pl/sites/default/files/imagecache/img_scale_crop_185x125/realizacje/2014/02/27/ximgp2992.jpg.pagespeed.ic.irSeU6Thah/index.jpg]
[www.decor-art.com.pl/sites/default/files/realizacje/2014/02/27/imgp2995/index.jpg]
[www.decor-art.com.pl/sites/default/files/imagecache/img_scale_crop_185x125/realizacje/2014/02/27/ximgp2995.jpg.pagespeed.ic.qKhQhF_1bU/index.jpg]
[www.decor-art.com.pl/sites/default/files/realizacje/2014/02/27/imgp3022/index.jpg]
[www.decor-art.com.pl/sites/default/files/imagecache/img_scale_crop_185x125/realizacje/2014/02/27/ximgp3022.jpg.pagespeed.ic.r85pZRQexM/index.jpg]
[www.decor-art.com.pl/sites/default/files/realizacje/2014/02/27/imgp3023/index.jpg]
[www.decor-art.com.pl/sites/default/files/imagecache/img_scale_crop_185x125/realizacje/2014/02/27/ximgp3023.jpg.pagespeed.ic.hACpKm-MAA/index.jpg]
[www.decor-art.com.pl/sites/default/files/realizacje/2014/02/27/imgp3025/index.jpg]
[www.decor-art.com.pl/sites/default/files/imagecache/img_scale_crop_185x125/realizacje/2014/02/27/ximgp3025.jpg.pagespeed.ic.SnoeQVA26Y/index.jpg]
[www.decor-art.com.pl/sites/default/files/realizacje/2014/02/27/imgp3031/index.jpg]
[www.decor-art.com.pl/sites/default/files/imagecache/img_scale_crop_185x125/realizacje/2014/02/27/ximgp3031.jpg.pagespeed.ic.m-PAELfQUz/index.jpg]
[www.decor-art.com.pl/sites/default/files/realizacje/2014/02/27/imgp3033/index.jpg]
[www.decor-art.com.pl/sites/default/files/imagecache/img_scale_crop_185x125/realizacje/2014/02/27/ximgp3033.jpg.pagespeed.ic.RWUuAaZc6J/index.jpg]
[www.decor-art.com.pl/sites/default/files/realizacje/2014/02/27/imgp3041/index.jpg]
[www.decor-art.com.pl/sites/default/files/imagecache/img_scale_crop_185x125/realizacje/2014/02/27/ximgp3041.jpg.pagespeed.ic.ZFRhjWWHpI/index.jpg]
[www.decor-art.com.pl/sites/default/files/realizacje/2014/02/27/imgp3049/index.jpg]
[www.decor-art.com.pl/sites/default/files/imagecache/img_scale_crop_185x125/realizacje/2014/02/27/ximgp3049.jpg.pagespeed.ic.Rz1QPrr9L_/index.jpg]
[www.decor-art.com.pl/sites/default/files/realizacje/2014/02/27/imgp3054_3135/index.jpg]
[www.decor-art.com.pl/sites/default/files/imagecache/img_scale_crop_185x125/realizacje/2014/02/27/ximgp3054_3135.jpg.pagespeed.ic.EWxQ6wfeTx/index.jpg]
[www.decor-art.com.pl/sites/default/files/realizacje/2014/02/27/imgp3059/index.jpg]
[www.decor-art.com.pl/sites/default/files/imagecache/img_scale_crop_185x125/realizacje/2014/02/27/ximgp3059.jpg.pagespeed.ic.PoZR1QJGRL/index.jpg]
[www.decor-art.com.pl/sites/default/files/realizacje/2014/02/27/imgp3082/index.jpg]
[www.decor-art.com.pl/sites/default/files/imagecache/img_scale_crop_185x125/realizacje/2014/02/27/ximgp3082.jpg.pagespeed.ic.BVaHRBDNEU/index.jpg]
[www.decor-art.com.pl/sites/default/files/realizacje/2014/02/27/imgp3095/index.jpg]
[www.decor-art.com.pl/sites/default/files/imagecache/img_scale_crop_185x125/realizacje/2014/02/27/ximgp3095.jpg.pagespeed.ic.QqkqPGA8fG/index.jpg]
[www.decor-art.com.pl/sites/default/files/realizacje/2014/02/27/imgp3129/index.jpg]
[www.decor-art.com.pl/sites/default/files/imagecache/img_scale_crop_185x125/realizacje/2014/02/27/ximgp3129.jpg.pagespeed.ic.2IreNO5XZ6/index.jpg]
[www.decor-art.com.pl/sites/default/files/realizacje/2014/02/27/imgp3153/index.jpg]
[www.decor-art.com.pl/sites/default/files/imagecache/img_scale_crop_185x125/realizacje/2014/02/27/ximgp3153.jpg.pagespeed.ic.aVdJklDasL/index.jpg]
[www.decor-art.com.pl/sites/default/files/realizacje/2014/02/27/imgp3236/index.jpg]
[www.decor-art.com.pl/sites/default/files/imagecache/img_scale_crop_185x125/realizacje/2014/02/27/ximgp3236.jpg.pagespeed.ic.ImJ5pG7R86/index.jpg]
[www.decor-art.com.pl/sites/default/files/realizacje/2014/02/27/imgp3171/index.jpg]
[www.decor-art.com.pl/sites/default/files/imagecache/img_scale_crop_185x125/realizacje/2014/02/27/ximgp3171.jpg.pagespeed.ic.ol6UJlE7-3/index.jpg]
[www.decor-art.com.pl/sites/default/files/realizacje/2014/02/27/imgp3180/index.jpg]
[www.decor-art.com.pl/sites/default/files/imagecache/img_scale_crop_185x125/realizacje/2014/02/27/ximgp3180.jpg.pagespeed.ic.j6Mu-I5Yg5/index.jpg]
[www.decor-art.com.pl/sites/default/files/realizacje/2014/02/27/imgp3193/index.jpg]
[www.decor-art.com.pl/sites/default/files/imagecache/img_scale_crop_185x125/realizacje/2014/02/27/ximgp3193.jpg.pagespeed.ic.jZoFRtrAdT/index.jpg]
[www.decor-art.com.pl/sites/default/files/realizacje/2014/02/27/imgp3206/index.jpg]
[www.decor-art.com.pl/sites/default/files/imagecache/img_scale_crop_185x125/realizacje/2014/02/27/ximgp3206.jpg.pagespeed.ic.qQOHxkdrIg/index.jpg]
[www.decor-art.com.pl/sites/default/files/realizacje/2014/02/27/imgp3236_0/index.jpg]
[www.decor-art.com.pl/sites/default/files/imagecache/img_scale_crop_185x125/realizacje/2014/02/27/ximgp3236_0.jpg.pagespeed.ic.ImJ5pG7R86/index.jpg]
[www.decor-art.com.pl/sites/default/files/realizacje/2014/02/27/imgp3242/index.jpg]
[www.decor-art.com.pl/sites/default/files/imagecache/img_scale_crop_185x125/realizacje/2014/02/27/ximgp3242.jpg.pagespeed.ic.jsp4rSrJec/index.jpg]
[www.decor-art.com.pl/sites/default/files/realizacje/2014/02/27/imgp3245/index.jpg]
[www.decor-art.com.pl/sites/default/files/imagecache/img_scale_crop_185x125/realizacje/2014/02/27/ximgp3245.jpg.pagespeed.ic.ug7RGbyrlL/index.jpg]
[www.decor-art.com.pl/sites/default/files/realizacje/2014/02/27/imgp3251/index.jpg]
[www.decor-art.com.pl/sites/default/files/imagecache/img_scale_crop_185x125/realizacje/2014/02/27/ximgp3251.jpg.pagespeed.ic.3VbjCWM4oQ/index.jpg]
[www.decor-art.com.pl/sites/default/files/realizacje/2014/02/27/imgp30117_2961/index.jpg]
[www.decor-art.com.pl/sites/default/files/imagecache/img_scale_crop_185x125/realizacje/2014/02/27/ximgp30117_2961.jpg.pagespeed.ic.rR9raq7qik/index.jpg]
[www.decor-art.com.pl/realizacja/sopot-apartament-140-m2/index.html]
[www.decor-art.com.pl/sites/default/files/realizacje/2014/02/27/22112-wnetrza_w_stylu_angielskim_apartament_styl_angielski_wnetrze_salon/index.jpg]
[www.decor-art.com.pl/sites/default/files/imagecache/img_scale_crop_185x125/realizacje/2014/02/27/x22112-wnetrza_w_stylu_angielskim_apartament_styl_angielski_wnetrze_salon.jpg.pagespeed.ic.9yT8m1rx1a/index.jpg]
[www.decor-art.com.pl/sites/default/files/realizacje/2014/02/27/22113-wnetrza_w_stylu_angielskim_apartament_styl_angielski_wnetrze/index.jpg]
[www.decor-art.com.pl/sites/default/files/imagecache/img_scale_crop_185x125/realizacje/2014/02/27/x22113-wnetrza_w_stylu_angielskim_apartament_styl_angielski_wnetrze.jpg.pagespeed.ic.jRvyayjjtT/index.jpg]
[www.decor-art.com.pl/sites/default/files/realizacje/2014/02/27/22114-wnetrza_w_stylu_angielskim_apartament_styl_angielski_wnetrze/index.jpg]
[www.decor-art.com.pl/sites/default/files/imagecache/img_scale_crop_185x125/realizacje/2014/02/27/x22114-wnetrza_w_stylu_angielskim_apartament_styl_angielski_wnetrze.jpg.pagespeed.ic.NGaKTui9HO/index.jpg]
[www.decor-art.com.pl/sites/default/files/realizacje/2014/02/27/22118-kuchnia_w_stylu_angielskim_apartament_styl_angielski_wnetrze/index.jpg]
[www.decor-art.com.pl/sites/default/files/imagecache/img_scale_crop_185x125/realizacje/2014/02/27/x22118-kuchnia_w_stylu_angielskim_apartament_styl_angielski_wnetrze.jpg.pagespeed.ic.OxYUjMj0pW/index.jpg]
[www.decor-art.com.pl/sites/default/files/realizacje/2014/02/27/22119-wnetrza_kuchnia_w_stylu_angielskim_apartament_styl_angielski_wnetrze/index.jpg]
[www.decor-art.com.pl/sites/default/files/imagecache/img_scale_crop_185x125/realizacje/2014/02/27/x22119-wnetrza_kuchnia_w_stylu_angielskim_apartament_styl_angielski_wnetrze.jpg.pagespeed.ic.Sj2B5v2yD6/index.jpg]
[www.decor-art.com.pl/sites/default/files/realizacje/2014/02/27/22123-wnetrza_w_stylu_angielskim_apartament_styl_angielski_wnetrze_kuchnia/index.jpg]
[www.decor-art.com.pl/sites/default/files/imagecache/img_scale_crop_185x125/realizacje/2014/02/27/x22123-wnetrza_w_stylu_angielskim_apartament_styl_angielski_wnetrze_kuchnia.jpg.pagespeed.ic.OYt6UxeuIB/index.jpg]
[www.decor-art.com.pl/sites/default/files/realizacje/2014/02/27/22126-wnetrza_w_stylu_angielskim_apartament_styl_angielski_wnetrze_lazienka_sypialnia/index.jpg]
[www.decor-art.com.pl/sites/default/files/imagecache/img_scale_crop_185x125/realizacje/2014/02/27/x22126-wnetrza_w_stylu_angielskim_apartament_styl_angielski_wnetrze_lazienka_sypialnia.jpg.pagespeed.ic.Z7mBv0KuXv/index.jpg]
[www.decor-art.com.pl/sites/default/files/realizacje/2014/02/27/22127-wnetrza_w_stylu_angielskim_apartament_styl_angielski_wnetrze_sypialnia_lazienka/index.jpg]
[www.decor-art.com.pl/sites/default/files/imagecache/img_scale_crop_185x125/realizacje/2014/02/27/x22127-wnetrza_w_stylu_angielskim_apartament_styl_angielski_wnetrze_sypialnia_lazienka.jpg.pagespeed.ic.mdfGtovGmu/index.jpg]
[www.decor-art.com.pl/sites/default/files/realizacje/2014/02/27/22128-wnetrza_sypialnia_w_stylu_angielskim_apartament_styl_angielski_wnetrze/index.jpg]
[www.decor-art.com.pl/sites/default/files/imagecache/img_scale_crop_185x125/realizacje/2014/02/27/x22128-wnetrza_sypialnia_w_stylu_angielskim_apartament_styl_angielski_wnetrze.jpg.pagespeed.ic.mcZimAyo0C/index.jpg]
[www.decor-art.com.pl/sites/default/files/realizacje/2014/02/27/22130-gabinet_w_stylu_angielskim_apartament_styl_angielski_wnetrze/index.jpg]
[www.decor-art.com.pl/sites/default/files/imagecache/img_scale_crop_185x125/realizacje/2014/02/27/x22130-gabinet_w_stylu_angielskim_apartament_styl_angielski_wnetrze.jpg.pagespeed.ic.FAk4J4twKr/index.jpg]
[www.decor-art.com.pl/sites/default/files/realizacje/2014/02/27/22131-lazienka_toaleta_w_stylu_angielskim_apartament_styl_angielski_wnetrze/index.jpg]
[www.decor-art.com.pl/sites/default/files/imagecache/img_scale_crop_185x125/realizacje/2014/02/27/x22131-lazienka_toaleta_w_stylu_angielskim_apartament_styl_angielski_wnetrze.jpg.pagespeed.ic.cf1_38foMB/index.jpg]
[www.decor-art.com.pl/sites/default/files/realizacje/2014/02/27/22137-salon_w_stylu_angielskim_apartament_styl_angielski_wnetrze/index.jpg]
[www.decor-art.com.pl/sites/default/files/imagecache/img_scale_crop_185x125/realizacje/2014/02/27/x22137-salon_w_stylu_angielskim_apartament_styl_angielski_wnetrze.jpg.pagespeed.ic.Qqa6D9iDrX/index.jpg]
[www.decor-art.com.pl/sites/default/files/realizacje/2014/02/27/22138-wnetrza_w_stylu_angielskim_apartament_styl_angielski_wnetrze/index.jpg]
[www.decor-art.com.pl/sites/default/files/imagecache/img_scale_crop_185x125/realizacje/2014/02/27/x22138-wnetrza_w_stylu_angielskim_apartament_styl_angielski_wnetrze.jpg.pagespeed.ic.tJ7lY4Yn_B/index.jpg]
[www.decor-art.com.pl/sites/default/files/realizacje/2014/02/27/22139-wnetrza_w_stylu_angielskim_apartament_styl_angielski_wnetrze/index.jpg]
[www.decor-art.com.pl/sites/default/files/imagecache/img_scale_crop_185x125/realizacje/2014/02/27/x22139-wnetrza_w_stylu_angielskim_apartament_styl_angielski_wnetrze.jpg.pagespeed.ic.11ULMBNGzC/index.jpg]
[www.decor-art.com.pl/sites/default/files/realizacje/2014/02/27/22140-wnetrza_w_stylu_angielskim_apartament_styl_angielski_wnetrze/index.jpg]
[www.decor-art.com.pl/sites/default/files/imagecache/img_scale_crop_185x125/realizacje/2014/02/27/x22140-wnetrza_w_stylu_angielskim_apartament_styl_angielski_wnetrze.jpg.pagespeed.ic.vemm9zTwOW/index.jpg]
[www.decor-art.com.pl/sites/default/files/realizacje/2014/02/27/22142-wnetrza_w_stylu_angielskim_apartament_styl_angielski_wnetrze/index.jpg]
[www.decor-art.com.pl/sites/default/files/imagecache/img_scale_crop_185x125/realizacje/2014/02/27/x22142-wnetrza_w_stylu_angielskim_apartament_styl_angielski_wnetrze.jpg.pagespeed.ic._17Jhui1Ti/index.jpg]
[www.decor-art.com.pl/sites/default/files/realizacje/2014/02/27/22143-wnetrza_w_stylu_angielskim_apartament_styl_angielski_wnetrze/index.jpg]
[www.decor-art.com.pl/sites/default/files/imagecache/img_scale_crop_185x125/realizacje/2014/02/27/x22143-wnetrza_w_stylu_angielskim_apartament_styl_angielski_wnetrze.jpg.pagespeed.ic.V2YpU951tD/index.jpg]
[www.decor-art.com.pl/realizacja/sopot-apartament-197-m2/index.html]
[www.decor-art.com.pl/sites/default/files/realizacje/2014/01/14/dsc_0179/index.jpg]
[www.decor-art.com.pl/sites/default/files/imagecache/img_scale_crop_185x125/realizacje/2014/01/14/xdsc_0179.jpg.pagespeed.ic.HMLLEBn-aQ/index.jpg]
[www.decor-art.com.pl/sites/default/files/realizacje/2014/01/14/dsc_0180/index.jpg]
[www.decor-art.com.pl/sites/default/files/imagecache/img_scale_crop_185x125/realizacje/2014/01/14/xdsc_0180.jpg.pagespeed.ic.1ox8FYWMh-/index.jpg]
[www.decor-art.com.pl/sites/default/files/realizacje/2014/01/14/dsc_0181/index.jpg]
[www.decor-art.com.pl/sites/default/files/imagecache/img_scale_crop_185x125/realizacje/2014/01/14/xdsc_0181.jpg.pagespeed.ic.FULIGlyJYh/index.jpg]
[www.decor-art.com.pl/sites/default/files/realizacje/2014/01/14/dsc_0206/index.jpg]
[www.decor-art.com.pl/sites/default/files/imagecache/img_scale_crop_185x125/realizacje/2014/01/14/xdsc_0206.jpg.pagespeed.ic.VzX9SOQ7eK/index.jpg]
[www.decor-art.com.pl/sites/default/files/realizacje/2014/01/14/dsc_0210/index.jpg]
[www.decor-art.com.pl/sites/default/files/imagecache/img_scale_crop_185x125/realizacje/2014/01/14/xdsc_0210.jpg.pagespeed.ic.VhdEvnPbme/index.jpg]
[www.decor-art.com.pl/sites/default/files/realizacje/2014/01/14/dsc_0213/index.jpg]
[www.decor-art.com.pl/sites/default/files/imagecache/img_scale_crop_185x125/realizacje/2014/01/14/xdsc_0213.jpg.pagespeed.ic.YsywfmROCa/index.jpg]
[www.decor-art.com.pl/sites/default/files/realizacje/2014/01/14/dsc_0216/index.jpg]
[www.decor-art.com.pl/sites/default/files/imagecache/img_scale_crop_185x125/realizacje/2014/01/14/xdsc_0216.jpg.pagespeed.ic.ZhUHKC5cIs/index.jpg]
[www.decor-art.com.pl/sites/default/files/realizacje/2014/01/14/dsc_0220/index.jpg]
[www.decor-art.com.pl/sites/default/files/imagecache/img_scale_crop_185x125/realizacje/2014/01/14/xdsc_0220.jpg.pagespeed.ic.WDHnKDZagk/index.jpg]
[www.decor-art.com.pl/sites/default/files/realizacje/2014/01/14/dsc_0231a/index.jpg]
[www.decor-art.com.pl/sites/default/files/imagecache/img_scale_crop_185x125/realizacje/2014/01/14/xdsc_0231a.jpg.pagespeed.ic.IrNH9F4jWu/index.jpg]
[www.decor-art.com.pl/sites/default/files/realizacje/2014/01/14/dsc_0257/index.jpg]
[www.decor-art.com.pl/sites/default/files/imagecache/img_scale_crop_185x125/realizacje/2014/01/14/xdsc_0257.jpg.pagespeed.ic.t1BEfCpbyx/index.jpg]
[www.decor-art.com.pl/sites/default/files/realizacje/2014/01/14/dsc_0274/index.jpg]
[www.decor-art.com.pl/sites/default/files/imagecache/img_scale_crop_185x125/realizacje/2014/01/14/xdsc_0274.jpg.pagespeed.ic.WjrgTU7ScG/index.jpg]
[www.decor-art.com.pl/sites/default/files/realizacje/2014/01/14/dsc_0276/index.jpg]
[www.decor-art.com.pl/sites/default/files/imagecache/img_scale_crop_185x125/realizacje/2014/01/14/xdsc_0276.jpg.pagespeed.ic.TXKNGl58N0/index.jpg]
[www.decor-art.com.pl/sites/default/files/realizacje/2014/01/14/dsc_0279a/index.jpg]
[www.decor-art.com.pl/sites/default/files/imagecache/img_scale_crop_185x125/realizacje/2014/01/14/xdsc_0279a.jpg.pagespeed.ic.MC9eCwEYV4/index.jpg]
[www.decor-art.com.pl/realizacja/dom-w-alpach/index.html]
[www.decor-art.com.pl/sites/all/themes/decorart/css/arrow-down/index.html]
[www.decor-art.com.pl/sites/all/themes/decorart/css/arrow-right/index.html]
[www.decor-art.com.pl/sites/default/files/realizacje/2014/01/14/dsc_0099/index.jpg]
[www.decor-art.com.pl/sites/default/files/imagecache/img_scale_crop_185x125/realizacje/2014/01/14/xdsc_0099.jpg.pagespeed.ic.EzMK7sNQ9P/index.jpg]
[www.decor-art.com.pl/sites/default/files/realizacje/2014/01/14/dsc_0104/index.jpg]
[www.decor-art.com.pl/sites/default/files/imagecache/img_scale_crop_185x125/realizacje/2014/01/14/xdsc_0104.jpg.pagespeed.ic.VgXEpEIe3A/index.jpg]
[www.decor-art.com.pl/sites/default/files/realizacje/2014/01/14/dsc_0105/index.jpg]
[www.decor-art.com.pl/sites/default/files/imagecache/img_scale_crop_185x125/realizacje/2014/01/14/xdsc_0105.jpg.pagespeed.ic.jdcazOi6aA/index.jpg]
[www.decor-art.com.pl/sites/default/files/realizacje/2014/01/14/dsc_0106/index.jpg]
[www.decor-art.com.pl/sites/default/files/imagecache/img_scale_crop_185x125/realizacje/2014/01/14/xdsc_0106.jpg.pagespeed.ic.mK3whvLcgB/index.jpg]
[www.decor-art.com.pl/sites/default/files/realizacje/2014/01/14/dsc_0107/index.jpg]
[www.decor-art.com.pl/sites/default/files/imagecache/img_scale_crop_185x125/realizacje/2014/01/14/xdsc_0107.jpg.pagespeed.ic.t4o42VNmFc/index.jpg]
[www.decor-art.com.pl/sites/default/files/realizacje/2014/01/14/dsc_0108/index.jpg]
[www.decor-art.com.pl/sites/default/files/imagecache/img_scale_crop_185x125/realizacje/2014/01/14/xdsc_0108.jpg.pagespeed.ic.iX7iYDrZNF/index.jpg]
[www.decor-art.com.pl/sites/default/files/realizacje/2014/01/14/dsc_0109/index.jpg]
[www.decor-art.com.pl/sites/default/files/imagecache/img_scale_crop_185x125/realizacje/2014/01/14/xdsc_0109.jpg.pagespeed.ic.Gi628ybI2W/index.jpg]
[www.decor-art.com.pl/sites/default/files/realizacje/2014/01/14/dsc_0113/index.jpg]
[www.decor-art.com.pl/sites/default/files/imagecache/img_scale_crop_185x125/realizacje/2014/01/14/xdsc_0113.jpg.pagespeed.ic.sHmJ6UMsUz/index.jpg]
[www.decor-art.com.pl/sites/default/files/realizacje/2014/01/14/dsc_0114/index.jpg]
[www.decor-art.com.pl/sites/default/files/imagecache/img_scale_crop_185x125/realizacje/2014/01/14/xdsc_0114.jpg.pagespeed.ic.r6L-MmQ9A-/index.jpg]
[www.decor-art.com.pl/sites/default/files/realizacje/2014/01/14/dsc_0115/index.jpg]
[www.decor-art.com.pl/sites/default/files/imagecache/img_scale_crop_185x125/realizacje/2014/01/14/xdsc_0115.jpg.pagespeed.ic.pzRgaF22ob/index.jpg]
[www.decor-art.com.pl/sites/default/files/realizacje/2014/01/14/dsc_0116/index.jpg]
[www.decor-art.com.pl/sites/default/files/imagecache/img_scale_crop_185x125/realizacje/2014/01/14/xdsc_0116.jpg.pagespeed.ic.jIyCaLohK-/index.jpg]
[www.decor-art.com.pl/sites/default/files/realizacje/2014/01/14/dsc_0117/index.jpg]
[www.decor-art.com.pl/sites/default/files/imagecache/img_scale_crop_185x125/realizacje/2014/01/14/xdsc_0117.jpg.pagespeed.ic.lgfhqvKcYu/index.jpg]
[www.decor-art.com.pl/sites/default/files/realizacje/2014/01/14/dsc_0119/index.jpg]
[www.decor-art.com.pl/realizacja/apartament-sopot/index.html]
[www.decor-art.com.pl/sites/default/files/imagecache/img_scale_crop_185x125/realizacje/2014/01/14/xdsc_0119.jpg.pagespeed.ic.q_w-jhBeK8/index.jpg]
[www.decor-art.com.pl/sites/default/files/realizacje/2014/01/14/dsc_0083/index.jpg]
[www.decor-art.com.pl/sites/default/files/imagecache/img_scale_crop_185x125/realizacje/2014/01/14/xdsc_0083.jpg.pagespeed.ic.JoOKpiqDGi/index.jpg]
[www.decor-art.com.pl/sites/default/files/realizacje/2014/01/14/dsc_0087/index.jpg]
[www.decor-art.com.pl/sites/default/files/imagecache/img_scale_crop_185x125/realizacje/2014/01/14/xdsc_0087.jpg.pagespeed.ic.QDcn4uHsa5/index.jpg]
[www.decor-art.com.pl/sites/default/files/realizacje/2014/01/14/dsc_0089/index.jpg]
[www.decor-art.com.pl/sites/default/files/imagecache/img_scale_crop_185x125/realizacje/2014/01/14/xdsc_0089.jpg.pagespeed.ic.yReVveNupY/index.jpg]
[www.decor-art.com.pl/sites/default/files/realizacje/2014/01/14/dsc_0090/index.jpg]
[www.decor-art.com.pl/sites/default/files/imagecache/img_scale_crop_185x125/realizacje/2014/01/14/xdsc_0090.jpg.pagespeed.ic.06r_6jND83/index.jpg]
[www.decor-art.com.pl/sites/default/files/realizacje/2014/01/14/dsc_0091/index.jpg]
[www.decor-art.com.pl/sites/default/files/imagecache/img_scale_crop_185x125/realizacje/2014/01/14/xdsc_0091.jpg.pagespeed.ic.eWMoxSzO8P/index.jpg]
[www.decor-art.com.pl/sites/default/files/realizacje/2014/01/14/dsc_0092/index.jpg]
[www.decor-art.com.pl/sites/default/files/imagecache/img_scale_crop_185x125/realizacje/2014/01/14/xdsc_0092.jpg.pagespeed.ic.t-e7fdfuCJ/index.jpg]
[www.decor-art.com.pl/sites/default/files/realizacje/2014/01/14/dsc_0094/index.jpg]
[www.decor-art.com.pl/sites/default/files/imagecache/img_scale_crop_185x125/realizacje/2014/01/14/xdsc_0094.jpg.pagespeed.ic.3fdhgBy23P/index.jpg]
[www.decor-art.com.pl/sites/default/files/realizacje/2014/01/14/dsc_0095/index.jpg]
[www.decor-art.com.pl/sites/default/files/imagecache/img_scale_crop_185x125/realizacje/2014/01/14/xdsc_0095.jpg.pagespeed.ic.U_Hrvhb4a9/index.jpg]
[www.decor-art.com.pl/sites/default/files/realizacje/2014/01/14/dsc_0097/index.jpg]
[www.decor-art.com.pl/sites/default/files/imagecache/img_scale_crop_185x125/realizacje/2014/01/14/xdsc_0097.jpg.pagespeed.ic.0_B3uXnTrS/index.jpg]
[www.decor-art.com.pl/realizacja/kawalerka-17m2-sopot/index.html]
[www.decor-art.com.pl/sites/default/files/realizacje/2010/11/25/p1050321/index.jpg]
[www.decor-art.com.pl/sites/default/files/imagecache/img_scale_crop_185x125/realizacje/2010/11/25/xp1050321.jpg.pagespeed.ic.cpvDxWnvwV/index.jpg]
[www.decor-art.com.pl/sites/default/files/realizacje/2010/11/25/p1050317/index.jpg]
[www.decor-art.com.pl/sites/default/files/imagecache/img_scale_crop_185x125/realizacje/2010/11/25/xp1050317.jpg.pagespeed.ic.vtVLLZeGfF/index.jpg]
[www.decor-art.com.pl/sites/default/files/realizacje/2010/11/25/p1050315/index.jpg]
[www.decor-art.com.pl/sites/default/files/imagecache/img_scale_crop_185x125/realizacje/2010/11/25/xp1050315.jpg.pagespeed.ic.YUUa_GepZK/index.jpg]
[www.decor-art.com.pl/sites/default/files/realizacje/2010/11/25/p1050318/index.jpg]
[www.decor-art.com.pl/sites/default/files/imagecache/img_scale_crop_185x125/realizacje/2010/11/25/xp1050318.jpg.pagespeed.ic.LEBNgudIMr/index.jpg]
[www.decor-art.com.pl/sites/default/files/realizacje/2010/11/25/p1050332/index.jpg]
[www.decor-art.com.pl/sites/default/files/imagecache/img_scale_crop_185x125/realizacje/2010/11/25/xp1050332.jpg.pagespeed.ic.Z4Ye7oDzYs/index.jpg]
[www.decor-art.com.pl/sites/default/files/realizacje/2010/11/25/p1050300/index.jpg]
[www.decor-art.com.pl/sites/default/files/imagecache/img_scale_crop_185x125/realizacje/2010/11/25/xp1050300.jpg.pagespeed.ic.Tz-TSXlnxb/index.jpg]
[www.decor-art.com.pl/sites/default/files/realizacje/2010/11/25/p1050333/index.jpg]
[www.decor-art.com.pl/sites/default/files/imagecache/img_scale_crop_185x125/realizacje/2010/11/25/xp1050333.jpg.pagespeed.ic.3v3ghttcV3/index.jpg]
[www.decor-art.com.pl/sites/default/files/realizacje/2010/11/25/p1040980/index.jpg]
[www.decor-art.com.pl/sites/default/files/imagecache/img_scale_crop_185x125/realizacje/2010/11/25/xp1040980.jpg.pagespeed.ic.binzZPO1Um/index.jpg]
[www.decor-art.com.pl/sites/default/files/realizacje/2010/11/25/p1050334/index.jpg]
[www.decor-art.com.pl/sites/default/files/imagecache/img_scale_crop_185x125/realizacje/2010/11/25/xp1050334.jpg.pagespeed.ic.YR9MosvHRZ/index.jpg]
[www.decor-art.com.pl/sites/default/files/realizacje/2010/11/25/p1040973/index.jpg]
[www.decor-art.com.pl/sites/default/files/imagecache/img_scale_crop_185x125/realizacje/2010/11/25/xp1040973.jpg.pagespeed.ic.etmlXFUfWF/index.jpg]
[www.decor-art.com.pl/sites/default/files/realizacje/2010/11/25/p1050294/index.jpg]
[www.decor-art.com.pl/sites/default/files/imagecache/img_scale_crop_185x125/realizacje/2010/11/25/xp1050294.jpg.pagespeed.ic.trnKC_q2Pg/index.jpg]
[www.decor-art.com.pl/realizacja/adaptacja-strychu-sopot/index.html]
[www.decor-art.com.pl/sites/default/files/realizacje/2010/11/25/p1040983_1198x800/index.jpg]
[www.decor-art.com.pl/sites/default/files/imagecache/img_scale_crop_185x125/realizacje/2010/11/25/xp1040983_1198x800.jpg.pagespeed.ic.Wl0MO1PNQI/index.jpg]
[www.decor-art.com.pl/sites/default/files/realizacje/2010/11/25/p1050009_1198x800/index.jpg]
[www.decor-art.com.pl/sites/default/files/imagecache/img_scale_crop_185x125/realizacje/2010/11/25/xp1050009_1198x800.jpg.pagespeed.ic.65_e1K7WBM/index.jpg]
[www.decor-art.com.pl/sites/default/files/realizacje/2010/11/25/p1050011_1198x800/index.jpg]
[www.decor-art.com.pl/sites/default/files/imagecache/img_scale_crop_185x125/realizacje/2010/11/25/xp1050011_1198x800.jpg.pagespeed.ic.66Q1fkSpfI/index.jpg]
[www.decor-art.com.pl/sites/default/files/realizacje/2010/11/25/p1050038_1198x800/index.jpg]
[www.decor-art.com.pl/sites/default/files/imagecache/img_scale_crop_185x125/realizacje/2010/11/25/xp1050038_1198x800.jpg.pagespeed.ic.KIu9BDdfah/index.jpg]
[www.decor-art.com.pl/sites/default/files/realizacje/2010/11/25/p1050083_1198x800/index.jpg]
[www.decor-art.com.pl/sites/default/files/imagecache/img_scale_crop_185x125/realizacje/2010/11/25/xp1050083_1198x800.jpg.pagespeed.ic.dntLGwiTMU/index.jpg]
[www.decor-art.com.pl/sites/default/files/realizacje/2010/11/25/p1050069_1198x800/index.jpg]
[www.decor-art.com.pl/sites/default/files/imagecache/img_scale_crop_185x125/realizacje/2010/11/25/xp1050069_1198x800.jpg.pagespeed.ic.KEUDkEgFy9/index.jpg]
[www.decor-art.com.pl/sites/default/files/realizacje/2010/11/25/p1050052_534x800/index.jpg]
[www.decor-art.com.pl/sites/default/files/imagecache/img_scale_crop_185x125/realizacje/2010/11/25/xp1050052_534x800.jpg.pagespeed.ic.NDAVsXhAwm/index.jpg]
[www.decor-art.com.pl/sites/default/files/realizacje/2010/11/25/p1050070_534x800/index.jpg]
[www.decor-art.com.pl/sites/default/files/imagecache/img_scale_crop_185x125/realizacje/2010/11/25/xp1050070_534x800.jpg.pagespeed.ic.unuks6RPEn/index.jpg]
[www.decor-art.com.pl/sites/default/files/realizacje/2010/11/25/p1050055_534x800/index.jpg]
[www.decor-art.com.pl/sites/default/files/imagecache/img_scale_crop_185x125/realizacje/2010/11/25/xp1050055_534x800.jpg.pagespeed.ic.I3n8wtX1mf/index.jpg]
[www.decor-art.com.pl/realizacja/kawalerka-gdynia/index.html]
[www.decor-art.com.pl/sites/default/files/realizacje/2010/11/25/p1050153_534x800/index.jpg]
[www.decor-art.com.pl/sites/default/files/imagecache/img_scale_crop_185x125/realizacje/2010/11/25/xp1050153_534x800.jpg.pagespeed.ic.z3tu4yMJlj/index.jpg]
[www.decor-art.com.pl/sites/default/files/realizacje/2010/11/25/p1050163_534x800/index.jpg]
[www.decor-art.com.pl/sites/default/files/imagecache/img_scale_crop_185x125/realizacje/2010/11/25/xp1050163_534x800.jpg.pagespeed.ic.VPE1nyJdk-/index.jpg]
[www.decor-art.com.pl/sites/default/files/realizacje/2010/11/25/p1050128_534x800/index.jpg]
[www.decor-art.com.pl/sites/default/files/imagecache/img_scale_crop_185x125/realizacje/2010/11/25/xp1050128_534x800.jpg.pagespeed.ic.hdJWfhHw2M/index.jpg]
[www.decor-art.com.pl/sites/default/files/realizacje/2010/11/25/p1050134_534x800/index.jpg]
[www.decor-art.com.pl/sites/default/files/imagecache/img_scale_crop_185x125/realizacje/2010/11/25/xp1050134_534x800.jpg.pagespeed.ic.DKcQxVtxI2/index.jpg]
[www.decor-art.com.pl/sites/default/files/realizacje/2010/11/25/p1050135_534x800/index.jpg]
[www.decor-art.com.pl/sites/default/files/imagecache/img_scale_crop_185x125/realizacje/2010/11/25/xp1050135_534x800.jpg.pagespeed.ic.4sVuWqvrRo/index.jpg]
[www.decor-art.com.pl/sites/default/files/realizacje/2010/11/25/p1050175_1198x800/index.jpg]
[www.decor-art.com.pl/sites/default/files/imagecache/img_scale_crop_185x125/realizacje/2010/11/25/xp1050175_1198x800.jpg.pagespeed.ic.im0m9lnw0N/index.jpg]
[www.decor-art.com.pl/sites/default/files/realizacje/2010/11/25/p1050180_1198x800/index.jpg]
[www.decor-art.com.pl/sites/default/files/imagecache/img_scale_crop_185x125/realizacje/2010/11/25/xp1050180_1198x800.jpg.pagespeed.ic.YdW0mWxVzK/index.jpg]
[www.decor-art.com.pl/sites/default/files/realizacje/2010/11/25/p1050186_1198x800/index.jpg]
[www.decor-art.com.pl/sites/default/files/imagecache/img_scale_crop_185x125/realizacje/2010/11/25/xp1050186_1198x800.jpg.pagespeed.ic.F4HFi0k51k/index.jpg]
[www.decor-art.com.pl/sites/default/files/realizacje/2010/11/25/p1050190_1198x800/index.jpg]
[www.decor-art.com.pl/sites/default/files/imagecache/img_scale_crop_185x125/realizacje/2010/11/25/xp1050190_1198x800.jpg.pagespeed.ic.o6hcvbitDU/index.jpg]
[www.decor-art.com.pl/sites/default/files/realizacje/2010/11/25/p1050205_534x800/index.jpg]
[www.decor-art.com.pl/sites/default/files/imagecache/img_scale_crop_185x125/realizacje/2010/11/25/xp1050205_534x800.jpg.pagespeed.ic.3MtQCcTVep/index.jpg]
[www.decor-art.com.pl/sites/default/files/realizacje/2010/11/25/p1050212_1198x800/index.jpg]
[www.decor-art.com.pl/sites/default/files/imagecache/img_scale_crop_185x125/realizacje/2010/11/25/xp1050212_1198x800.jpg.pagespeed.ic.1VpeHCy4yg/index.jpg]
[www.decor-art.com.pl/sites/default/files/realizacje/2010/11/25/p1050231_1198x800/index.jpg]
[www.decor-art.com.pl/sites/default/files/imagecache/img_scale_crop_185x125/realizacje/2010/11/25/xp1050231_1198x800.jpg.pagespeed.ic.l8vrY-msPI/index.jpg]
[www.decor-art.com.pl/sites/default/files/realizacje/2010/11/25/p1050249_1198x800/index.jpg]
[www.decor-art.com.pl/sites/default/files/imagecache/img_scale_crop_185x125/realizacje/2010/11/25/xp1050249_1198x800.jpg.pagespeed.ic.goq6Ozy0BS/index.jpg]
[www.decor-art.com.pl/sites/default/files/realizacje/2010/11/25/p1050252_534x800/index.jpg]
[www.decor-art.com.pl/sites/default/files/imagecache/img_scale_crop_185x125/realizacje/2010/11/25/xp1050252_534x800.jpg.pagespeed.ic.xVDMWbqQIY/index.jpg]
[www.decor-art.com.pl/realizacja/mieszkanie-gdansk/index.html]
[www.decor-art.com.pl/sites/default/files/realizacje/2010/11/25/img_0452_1067x800/index.jpg]
[www.decor-art.com.pl/sites/default/files/imagecache/img_scale_crop_185x125/realizacje/2010/11/25/ximg_0452_1067x800.jpg.pagespeed.ic.wPAfAMBnJK/index.jpg]
[www.decor-art.com.pl/sites/default/files/realizacje/2010/11/25/img_0454_1067x800_0/index.jpg]
[www.decor-art.com.pl/sites/default/files/imagecache/img_scale_crop_185x125/realizacje/2010/11/25/ximg_0454_1067x800_0.jpg.pagespeed.ic.cHQNenUii4/index.jpg]
[www.decor-art.com.pl/sites/default/files/realizacje/2010/11/25/img_0455_1067x800/index.jpg]
[www.decor-art.com.pl/sites/default/files/imagecache/img_scale_crop_185x125/realizacje/2010/11/25/ximg_0455_1067x800.jpg.pagespeed.ic.tudHPpCJuR/index.jpg]
[www.decor-art.com.pl/sites/default/files/realizacje/2010/11/25/img_0458_1067x800/index.jpg]
[www.decor-art.com.pl/sites/default/files/imagecache/img_scale_crop_185x125/realizacje/2010/11/25/ximg_0458_1067x800.jpg.pagespeed.ic.iQV01-MVCl/index.jpg]
[www.decor-art.com.pl/sites/default/files/realizacje/2010/11/25/img_0459_1067x800_0/index.jpg]
[www.decor-art.com.pl/sites/default/files/imagecache/img_scale_crop_185x125/realizacje/2010/11/25/ximg_0459_1067x800_0.jpg.pagespeed.ic.8RrbsYYEJD/index.jpg]
[www.decor-art.com.pl/sites/default/files/realizacje/2010/11/25/img_0460_600x800/index.jpg]
[www.decor-art.com.pl/sites/default/files/imagecache/img_scale_crop_185x125/realizacje/2010/11/25/ximg_0460_600x800.jpg.pagespeed.ic._q9Hhmy0EJ/index.jpg]
[www.decor-art.com.pl/sites/default/files/realizacje/2010/11/25/img_0462_600x800/index.jpg]
[www.decor-art.com.pl/sites/default/files/imagecache/img_scale_crop_185x125/realizacje/2010/11/25/ximg_0462_600x800.jpg.pagespeed.ic.SusCiko7JD/index.jpg]
[www.decor-art.com.pl/sites/default/files/realizacje/2010/11/25/img_0463_1067x800/index.jpg]
[www.decor-art.com.pl/realizacja/przedszkole-gdansk/index.html]
[www.decor-art.com.pl/realizacja/_/content/slideshow_/index.html]
[www.decor-art.com.pl/sites/default/files/imagecache/img_scale_crop_185x125/realizacje/2010/11/25/ximg_0463_1067x800.jpg.pagespeed.ic.zhEa6dAaxs/index.jpg]
[www.decor-art.com.pl/sites/default/files/imagecache/img_scale_crop_182x124/realizacje/2014/02/27/czy-so2_salon_2/index.html]
[www.decor-art.com.pl/sites/default/files/imagecache/img_scale_crop_182x124/realizacje/2014/02/27/imgp2963/index.html]
[www.decor-art.com.pl/sites/default/files/imagecache/img_scale_crop_182x124/realizacje/2014/02/27/22112-wnetrza_w_stylu_angielskim_apartament_styl_angielski_wnetrze_salon/index.html]
[www.decor-art.com.pl/sites/default/files/imagecache/img_scale_crop_182x124/realizacje/2010/11/25/p1040983_1198x800/index.html]
